%!Adobe-FontList 1.22
%Locale:0x409

%BeginFont
Handler:DirectoryHandler
FontType:Invalid
OutlineFileName:/Volumes/NP_EXTHD/_work/Aufkleber/_work/NP_Aufkleber_metadaten_Ordner/Document fonts/AdobeFnt22.lst
FileLength:1754
FileModTime:622630894
%EndFont

%BeginFont
Handler:DirectoryHandler
FontType:TrueType
FontName:AsapCondensed-Bold
FamilyName:Asap Condensed
StyleName:Bold
MenuName:Asap Condensed
StyleBits:2
WeightClass:700
WidthClass:5
AngleClass:0
FullName:Asap Condensed Bold
WritingScript:Roman
OutlineFileName:/Volumes/NP_EXTHD/_work/Aufkleber/_work/NP_Aufkleber_metadaten_Ordner/Document fonts/AsapCondensed-Bold.ttf
DataFormat:sfntData
hasSVG:no
VariableFontType:NonVariableFont
FileLength:152536
FileModTime:594707006
NameArray:0,Mac,4,Asap Condensed Bold
NameArray:0,Win,1,Asap Condensed
%EndFont

%BeginFont
Handler:DirectoryHandler
FontType:TrueType
FontName:AsapCondensed-BoldItalic
FamilyName:Asap Condensed
StyleName:Bold Italic
MenuName:Asap Condensed
StyleBits:3
WeightClass:700
WidthClass:5
AngleClass:1
FullName:Asap Condensed Bold Italic
WritingScript:Roman
OutlineFileName:/Volumes/NP_EXTHD/_work/Aufkleber/_work/NP_Aufkleber_metadaten_Ordner/Document fonts/AsapCondensed-BoldItalic.ttf
DataFormat:sfntData
hasSVG:no
VariableFontType:NonVariableFont
FileLength:113312
FileModTime:594707006
NameArray:0,Mac,4,Asap Condensed Bold Italic
NameArray:0,Win,1,Asap Condensed
%EndFont

%BeginFont
Handler:DirectoryHandler
FontType:TrueType
FontName:AsapCondensed-Italic
FamilyName:Asap Condensed
StyleName:Italic
MenuName:Asap Condensed
StyleBits:1
WeightClass:400
WidthClass:5
AngleClass:1
FullName:Asap Condensed Italic
WritingScript:Roman
OutlineFileName:/Volumes/NP_EXTHD/_work/Aufkleber/_work/NP_Aufkleber_metadaten_Ordner/Document fonts/AsapCondensed-Italic.ttf
DataFormat:sfntData
hasSVG:no
VariableFontType:NonVariableFont
FileLength:112580
FileModTime:559970298
NameArray:0,Mac,4,Asap Condensed Italic
NameArray:0,Win,1,Asap Condensed
%EndFont

